instance [safe] ShowProxy U -- Defined at T18071.hs:12:10
